CodeVisionAVR C Compiler V1.25.8 Standard
(C) Copyright 1998-2007 Pavel Haiduc, HP InfoTech s.r.l.
http://www.hpinfotech.com

File: C:\Documents and Settings\Andrew\My Documents\AVR Development\BOOM Demo Base station\BaseStation.c
Global variables memory map:

Variable                          Address   Size
*HAL_tx_frame                                                        R4,R5      2
*HAL_rx_frame                                                        R6,R7      2
HAL_LQI                                                               500h      1
HAL_tx_frame_length                                                     R9      1
HAL_rx_frame_length                                                     R8      1
HAL_radio_state                                                        R11      1
HAL_radio_channel                                                     501h      1
HAL_transmit_power                                                    502h      1
HAL_CRC_enabled                                                       503h      1
COM_mcu_freq                                                           R12      1
COM_spi_freq                                                          504h      1
COM_IRQ_pending                                                       505h      1
COM_IRQ_status                                                        506h      1
m644_baud_divisor                                                      R10      1
usart_msg.length                                                      507h      1
*usart_msg.string                                                     508h      2
usart_msg.i                                                           50Ah      1
usart_rx_buffer.buff                                                  50Bh     10
usart_rx_buffer.head                                                  515h      1
usart_rx_buffer.tail                                                  516h      1
usart_rx_buffer.num_elements                                          517h      1
busy_flag                                                              R13      1
*p_S62                                                                518h      2
